
> microfinance-system@1.0.0 test
> jest tests/dashboard.test.js

  console.log
    ≡ƒòÉ Initializing scheduler service...

      at SchedulerService.log [as initialize] (src/services/scheduler.service.js:9:13)

  console.log
    Γ£à Scheduler service initialized successfully

      at SchedulerService.log [as initialize] (src/services/scheduler.service.js:169:13)

node.exe : FAIL 
tests/dashboard.test.js
At line:1 char:1
+ & "C:\Program 
Files\nodejs/node.exe" 
"C:\Program 
Files\nodejs/node_mo ...
+ ~~~~~~~~~~~~~~~~~~~~~~~~~~~~
~~~~~~~~~~~~~~~~~~~~~~~~~~~~~~
~~~~~~~~~~~
    + CategoryInfo          : 
    NotSpecified: (FAIL test  
  s/dashboard.test.js:Strin   
 g) [], RemoteException
    + FullyQualifiedErrorId : 
    NativeCommandError
 
  Admin Dashboard
    ├ù should return 
dashboard data correctly (18 
ms)

  ΓùÅ Admin Dashboard ΓÇ║ 
should return dashboard data 
correctly

    expect(received).toBe(expe
cted) // Object.is equality

    Expected: 100
    Received: undefined

    [0m [90m 31 |[39m     e
xpect(response[33m.[39mstatu
s)[33m.[39mtoBe([35m200[39
m)[33m;[39m
     [90m 32 |[39m     expec
t(response[33m.[39mbody[33m
.[39msuccess)[33m.[39mtoBe(
[36mtrue[39m)[33m;[39m
    [31m[1m>[22m[39m[90m 
33 |[39m     expect(response
[33m.[39mbody[33m.[39mdata
[33m.[39moverview[33m.[39mt
otalUsers)[33m.[39mtoBe([35
m100[39m)[33m;[39m
     [90m    |[39m          
                              
            
[31m[1m^[22m[39m
     [90m 34 |[39m   
})[33m;[39m
     [90m 35 |[39m 
})[33m;[39m
     [90m 36 |[39m[0m

      at Object.toBe (tests/da
shboard.test.js:33:52)

Test Suites: 1 failed, 1 total
Tests:       1 failed, 1 total
Snapshots:   0 total
Time:        1.145 s
Ran all test suites matching 
/tests\\dashboard.test.js/i.
Jest did not exit one second 
after the test run has 
completed.

'This usually means that 
there are asynchronous 
operations that weren't 
stopped in your tests. 
Consider running Jest with 
`--detectOpenHandles` to 
troubleshoot this issue.

  ΓùÅ  Cannot log after tests 
are done. Did you forget to 
wait for something async in 
your test?
    Attempted to log "≡ƒÅÑ 
Running system health 
check...".

    [0m [90m 149 |[39m     
cron[33m.[39mschedule([32m'
0 */6 * * *'[39m[33m,[39m 
[36masync[39m () 
[33m=>[39m {
     [90m 150 |[39m       
[36mtry[39m {
    [31m[1m>[22m[39m[90m 
151 |[39m         console[33
m.[39mlog([32m'≡ƒÅÑ Running 
system health 
check...'[39m)[33m;[39m
     [90m     |[39m         
        [31m[1m^[22m[39m
     [90m 152 |[39m         
     [90m 153 |[39m         
[36mconst[39m healthStatus 
[33m=[39m [36mawait[39m [
36mthis[39m[33m.[39mperform
HealthCheck()[33m;[39m
     [90m 154 |[39m         
[0m

      at console.log (node_mod
ules/@jest/console/build/Custo
mConsole.js:141:10)
      at Task.log [as 
_execution] (src/services/sche
duler.service.js:151:17)
      at Task.execute (node_mo
dules/node-cron/src/task.js:17
:25)
      at ScheduledTask.now (no
de_modules/node-cron/src/sched
uled-task.js:38:33)
      at 
Scheduler.<anonymous> (node_mo
dules/node-cron/src/scheduled-
task.js:25:18)
      at Timeout.matchTime 
[as _onTimeout] (node_modules/
node-cron/src/scheduler.js:30:
26)


  ΓùÅ  Cannot log after tests 
are done. Did you forget to 
wait for something async in 
your test?
    Attempted to log "Γ£à 
System health check passed".

    [0m [90m 157 |[39m     
      [36mawait[39m [36mthi
s[39m[33m.[39mlogSystemIssu
e(healthStatus[33m.[39missue
s)[33m;[39m
     [90m 158 |[39m         
} [36melse[39m {
    [31m[1m>[22m[39m[90m 
159 |[39m           console[
33m.[39mlog([32m'Γ£à System 
health check 
passed'[39m)[33m;[39m
     [90m     |[39m         
          [31m[1m^[22m[39m
     [90m 160 |[39m         
}
     [90m 161 |[39m       } 
[36mcatch[39m (error) {
     [90m 162 |[39m         
console[33m.[39merror([32m'
Γ¥î Error in system health 
check:'[39m[33m,[39m 
error)[33m;[39m[0m

      at console.log (node_mod
ules/@jest/console/build/Custo
mConsole.js:141:10)
      at Task.log [as 
_execution] (src/services/sche
duler.service.js:159:19)

